FILE_TYPE=LIBRARY_PARTS;
PRIMITIVE 'NX1610SA_32.768000kHz','NX1610SA_32.768000kHz_Other';
  PIN
    '1':
      PIN_NUMBER='(1)';
      NO_LOAD_CHECK=BOTH;
      NO_IO_CHECK=BOTH;
      ALLOW_CONNECT=TRUE;
      PINUSE='UNSPEC';
    '2':
      PIN_NUMBER='(2)';
      NO_LOAD_CHECK=BOTH;
      NO_IO_CHECK=BOTH;
      ALLOW_CONNECT=TRUE;
      PINUSE='UNSPEC';
  END_PIN;
  BODY
    PART_NAME='NX1610SA_32.768000kHz';
    PHYS_DES_PREFIX='Y';
    NO_LOAD_CHECK='TRUE';
    PIN_COUNT='2';
    BODY_NAME='NX1610SA_32.768000kHz';
    JEDEC_TYPE='NX1610SA32768000kHz';
  END_BODY;
END_PRIMITIVE;
END.
