FILE_TYPE=LIBRARY_PARTS;
PRIMITIVE 'CONSMA001_SMD_G_T','CONSMA001_SMD_G_T_Other';
  PIN
    '1':
      PIN_NUMBER='(1)';
      NO_LOAD_CHECK=BOTH;
      NO_IO_CHECK=BOTH;
      ALLOW_CONNECT=TRUE;
      PINUSE='UNSPEC';
    '2':
      PIN_NUMBER='(2)';
      NO_LOAD_CHECK=BOTH;
      NO_IO_CHECK=BOTH;
      ALLOW_CONNECT=TRUE;
      PINUSE='UNSPEC';
  END_PIN;
  BODY
    PART_NAME='CONSMA001_SMD_G_T';
    PHYS_DES_PREFIX='J';
    NO_LOAD_CHECK='TRUE';
    PIN_COUNT='2';
    BODY_NAME='CONSMA001_SMD_G_T';
    JEDEC_TYPE='CONSMA001SMDGT';
  END_BODY;
END_PRIMITIVE;
END.
